<!DOCTYPE html>

<html>

<head>
    <title>Golden</title>
    <link rel="stylesheet" href="styles.css">
    <meta name="viewport" content="width=device-width, initial-scale=1">
</head>

<body>
    <div class="page">
        <section id="home">
            <header>
                <div class="logo-container">
                    <div class="logo"><img src="assets/logo.png"></div>
                </div>
                <div class="nav-container">
                    <div class="hamburger">
                        <input id="menu-toggle" type="checkbox" />
                        <label class="menu-btn" for="menu-toggle">
                            <span></span>
                        </label>
                        <nav>
                            <a class="nav-item" href="#home">Home</a>
                            <a class="nav-item" href="#services">Services</a class="nav-item">
                            <a class="nav-item" href="#portfolio">Portfolio</a class="nav-item">
                            <a class="nav-item" href="#about">About</a class="nav-item">
                            <a class="nav-item last-nav-item" href="#">Contacts</a class="nav-item">
                        </nav>
                    </div>


                </div>
            </header>
            <div class="welcome">
                <h3 class="welcome-h3">Welcome to our studio!</h3>
                <h1 class="welcome-h1">it's nice to meet you</h1>
                <button class="welcome-button">tell me more</button>
            </div>
        </section>
        <section id="services">
            <h3 class="services-h3">Services</h3>
            <h6 class="services-h6">Proin iaculis purus consequat sem cure. </h6>
            <div class="services-list">
                <div class="services-list-item"><img src="assets/icon1.png" alt="e-commerce">
                    <h5>E-Commerce</h5>
                    <p>Proin iaculis purus consequat sem cure
                        digni ssim. Donec porttitora entum suscipit
                        aenean rhoncus posuere odio in tincidunt.</p>
                </div>
                <div class="services-list-item"><img src="assets/icon2.png" alt="responsive web">
                    <h5>Responsive Web</h5>
                    <p>Proin iaculis purus consequat sem cure
                        digni ssim. Donec porttitora entum suscipit
                        aenean rhoncus posuere odio in tincidunt.</p>
                </div>
                <div class="services-list-item"><img src="assets/icon3.png" alt="web-security">
                    <h5>Web Security</h5>
                    <p>Proin iaculis purus consequat sem cure
                        digni ssim. Donec porttitora entum suscipit
                        aenean rhoncus posuere odio in tincidunt.</p>
                </div>
            </div>
        </section>

        <section id="portfolio">
            <h3 class="services-h3">Our portfolio</h3>
            <h6 class="services-h6">Proin iaculis purus consequat sem cure. </h6>
            <div class="services-list portfolio-list">
                <div class="services-list-item"><img src="assets/img1.jpg" alt="img1">

                </div>
                <div class="services-list-item"><img src="assets/img2.jpg" alt="img2">

                </div>
                <div class="services-list-item"><img src="assets/img3.jpg" alt="img3">

                </div>
            </div>
        </section>

        <section id="about">
            <h3 class="services-h3">About us</h3>
            <h6 class="services-h6">Proin iaculis purus consequat sem cure. </h6>
            <div class="about-list">
                <div class="about-list-item">
                    <div class="about-list-item-left">
                        <h4 class="date">July 2010</h4>
                        <h4>Our Humble Beginnings</h4>
                        <p>Proin iaculis purus consequat sem cure
                            digni ssim. Donec porttitora entum suscipit
                            aenean rhoncus posuere odio in tincidunt. Proin
                            iaculis purus consequat sem cure digni
                            ssim. Donec porttitora entum suscipit.</p>
                    </div>
                    <div class="about-list-item-center"><img src="assets/about1.jpg" alt="about1"></div>
                    <div class="about-list-item-right"></div>
                </div>
                <div class="about-list-item">
                    <div class="about-list-item-left"></div>
                    <div class="about-list-item-center"><img src="assets/about2.jpg" alt="about2"></div>
                    <div class="about-list-item-right">
                        <h4 class="date">January 2011</h4>
                        <h4>Facing Startup Battles</h4>
                        <p>Proin iaculis purus consequat sem cure
                            digni ssim. Donec porttitora entum suscipit
                            aenean rhoncus posuere odio in tincidunt. Proin
                            iaculis purus consequat sem cure digni
                            ssim. Donec porttitora entum suscipit aenean
                            rhoncus posuere odio in tincidunt.</p>
                    </div>
                </div>
                <div class="about-list-item">
                    <div class="about-list-item-left">
                        <h4 class="date">December 2012</h4>
                        <h4>Enter The Dark Days</h4>
                        <p>Proin iaculis purus consequat sem cure
                            digni ssim. Donec porttitora entum suscipit
                            aenean rhoncus posuere odio in tincidunt. Proin
                            iaculis purus consequat sem cure digni.</p>
                    </div>
                    <div class="about-list-item-center"><img src="assets/about3.jpg" alt="about3"></div>
                    <div class="about-list-item-right"></div>
                </div>
                <div class="about-list-item">
                    <div class="about-list-item-left"></div>
                    <div class="about-list-item-center"><img src="assets/about4.jpg" alt="about4"></div>
                    <div class="about-list-item-right">
                        <h4 class="date">february 2014</h4>
                        <h4>Our Triumph</h4>
                        <p>Proin iaculis purus consequat sem cure
                            digni ssim. Donec porttitora entum suscipit
                            aenean rhoncus posuere odio in tincidunt. Proin
                            iaculis purus consequat sem cure digni
                            ssim. Donec porttitora entum suscipit aenean.</p>
                    </div>
                </div>
            </div>
        </section>
        <footer>
            <h5>Â© Copyright 2014 FreebiesXpress.com</h5>
        </footer>
    </div>
</body>

</html>